Rename Variable to speedMax from maxSpd
Rename Method to mach1 from m1
Rename Class to WayOutOfHere from FastCar
