Rename Variable
    {'original_name': 'fn', 'new_name': 'file_name'}
