--- diffs/lwh_original.py	2024-01-08 16:59:28
+++ diffs/lwh_rename_one_variable.py	2024-01-08 16:59:28
@@ -6,5 +6,5 @@
     l = 3
     w = 4
     h = 5
-    vol = fn(l, w, h)
-    print vol
+    volume = fn(l, w, h)
+    print volume
