FindAndFixAllBugs - Unknown Refactoring
    {'cost': 0, 'value': 1000}
